Stack Allocation = 32768 bytes

 Start  Stop   Length Name                   Class
 00000H 0B471H 0B472H _TEXT                  CODE
 0B480H 0B481H 00002H EMULATOR_TEXT          CODE
 0B482H 0B482H 00000H C_ETEXT                ENDCODE
 0B490H 0E7B0H 03321H BIBCLEAN5_DATA         FAR_DATA
 0E7C0H 10FBFH 02800H DO5_DATA               FAR_DATA
 10FC0H 11FBFH 01000H FIX5_DATA              FAR_DATA
 11FC0H 1283FH 00880H ISBN5_DATA             FAR_DATA
 12840H 12CBFH 00480H OPTION5_DATA           FAR_DATA
 12CC0H 12CC0H 00000H EMULATOR_DATA          FAR_DATA
 12CC0H 17F6FH 052B0H FAR_BSS                FAR_BSS
 17F70H 17FB1H 00042H NULL                   BEGDATA
 17FB2H 1F1D5H 07224H _DATA                  DATA
 1F1D6H 1F1D7H 00002H XIQC                   DATA
 1F1D8H 1F1E5H 0000EH DBDATA                 DATA
 1F1E6H 1F1F3H 0000EH CDATA                  DATA
 1F1F4H 1F1F4H 00000H XIFB                   DATA
 1F1F4H 1F1F4H 00000H XIF                    DATA
 1F1F4H 1F1F4H 00000H XIFE                   DATA
 1F1F4H 1F1F4H 00000H XIB                    DATA
 1F1F4H 1F1F4H 00000H XI                     DATA
 1F1F4H 1F1F4H 00000H XIE                    DATA
 1F1F4H 1F1F4H 00000H XPB                    DATA
 1F1F4H 1F1F5H 00002H XP                     DATA
 1F1F6H 1F1F6H 00000H XPE                    DATA
 1F1F6H 1F1F6H 00000H XCB                    DATA
 1F1F6H 1F1F6H 00000H XC                     DATA
 1F1F6H 1F1F6H 00000H XCE                    DATA
 1F1F6H 1F1F6H 00000H XCFB                   DATA
 1F1F6H 1F1F6H 00000H XCF                    DATA
 1F1F6H 1F1F6H 00000H XCFE                   DATA
 1F1F6H 1F2ADH 000B8H CONST                  CONST
 1F2AEH 1F2B5H 00008H HDR                    MSG
 1F2B6H 1F3B7H 00102H MSG                    MSG
 1F3B8H 1F3B9H 00002H PAD                    MSG
 1F3BAH 1F3BAH 00001H EPAD                   MSG
 1F3BCH 1F73FH 00384H _BSS                   BSS
 1F740H 1F740H 00000H XOB                    BSS
 1F740H 1F740H 00000H XO                     BSS
 1F740H 1F740H 00000H XOE                    BSS
 1F740H 1F93FH 00200H c_common               BSS
 1F940H 2793FH 08000H STACK                  STACK

 Origin   Group
 17F7:0   DGROUP

  Address         Publics by Name

 17F7:6C3A       STKHQQ
 0000:9506       _access
 17F7:0182       _align_equals
 0000:0010       _apply_function
 0000:B418       _atol
 17F7:0184       _at_level
 17F7:0186       _brace_level
 0000:1AD8       _check_chapter
 0000:1B00       _check_CODEN
 0000:1B1C       _check_inodes
 0000:1BAC       _check_ISBN
 0000:1BE4       _check_ISSN
 0000:1C00       _check_junior
 0000:1CD4       _check_key
 0000:1D4E       _check_length
 0000:1D76       _check_month
 0000:1DFA       _check_number
 0000:1E22       _check_other
 0000:1E94       _check_pages
 0000:1EBC       _check_patterns
 17F7:018A       _check_values
 0000:1F52       _check_volume
 0000:1F7A       _check_year
 0000:A6AC       _close
 17F7:018C       _close_char
 12CC:0250       _current_entry_name
 12CC:3284       _current_field
 12CC:1250       _current_key
 12CC:42B0       _current_value
 17F7:721E       _daylight
 17F7:018E       _delete_empty_values
 17F7:0190       _discard_next_comma
 0000:7DEE       _do_args
 0000:35A4       _do_files
 0000:38E2       _do_initfile
 0000:7376       _do_more
 0000:3E86       _do_other
 0000:7EFC       _do_preargs
 17F7:744C       _edata
 17F7:79D0       _end
 17F7:6C27       _environ
 17F7:0192       _eofile
 17F7:6BFE       _errno
 0000:02AA       _error
 0000:89D3       _exit
 0000:03BC       _fatal
 0000:8CB8       _fclose
 0000:8E96       _fflush
 0000:9252       _fgets
 17F7:012E       _field_indentation
 0000:6C56       _findfile
 0000:60A0       _fix_author
 17F7:019A       _fix_font_changes
 17F7:0196       _fix_initials
 0000:61E6       _fix_month
 0000:6392       _fix_namelist
 17F7:0198       _fix_names
 0000:6538       _fix_pages
 0000:667E       _fix_periods
 0000:6752       _fix_title
 0000:8F14       _flushall
 0000:8DA2       _fopen
 12CC:2250       _fpin
 0000:8DBC       _fprintf
 0000:8F6E       _fputc
 0000:8F66       _fputchar
 0000:92CA       _fputs
 0000:8F9A       _free
 0000:05E8       _free_pattern_table_entries
 0000:9528       _fstat
 0000:9CAE       _fwrite
 17F7:092E       _German_style
 0000:922A       _getch
 0000:9226       _getche
 0000:90FE       _getenv
 0000:06BC       _get_char
 0000:0806       _get_linebreak
 0000:0866       _get_next_non_blank
 0000:7820       _get_screen_lines
 12CC:2254       _initialization_file_name
 0000:AACE       _intdos
 17F7:019C       _in_preamble
 17F7:019E       _in_string
 17F7:01A0       _in_value
 0000:7100       _ISBN_hyphenate
 0000:09D6       _isidchar
 0000:7F84       _isoptionprefix
 0000:83EC       _isroman
 17F7:01A2       _is_parbreak
 0000:AA30       _itoa
 0000:782A       _kbclose
 0000:7830       _kbcode
 0000:78B8       _kbget
 0000:78C2       _kbopen
 17F7:01A4       _keep_linebreaks
 17F7:01A6       _keep_parbreaks
 17F7:01A8       _keep_preamble_spaces
 17F7:01AA       _keep_spaces
 17F7:01AC       _keep_string_spaces
 12CC:0028       _keymap
 0000:A6CC       _lseek
 0000:0A34       _main
 0000:8F96       _malloc
 0000:79BA       _match_pattern
 17F7:01AE       _max_width
 0000:94A8       _memcpy
 0000:0B56       _Memmove
 0000:0BDA       _Memset
 17F7:0806       _month_pair
 17F7:01B2       _non_white_chars
 0000:ACA2       _open
 0000:0C12       _out_at
 0000:0C28       _out_c
 0000:0D6A       _out_flush
 0000:0DCC       _out_lines
 0000:0F12       _out_newline
 0000:0FE8       _out_s
 0000:10B4       _out_spaces
 0000:11D0       _out_string
 0000:1226       _out_token
 0000:13E0       _out_verbatim
 0000:1420       _out_with_error
 0000:1446       _out_with_parbreak_error
 17F7:01B4       _parbreaks
 0B49:2001       _pattern_names
 0000:9186       _perror
 17F7:01B6       _prettyprint
 17F7:01B8       _print_patterns
 12CC:42AC       _program_name
 0000:8F6E       _putc
 0000:8F66       _putchar
 0000:1460       _put_back
 0000:A746       _read
 17F7:01BC       _read_initialization_files
 0000:9390       _realloc
 0000:AC16       _remove
 17F7:01BE       _remove_OPT_prefixes
 17F7:01C0       _rflag
 0000:8312       _romtol
 17F7:01C2       _screen_lines
 17F7:01C4       _Scribe
 12CC:2284       _shared_string
 17F7:01C6       _show_file_position
 0000:AC88       _sopen
 0000:9328       _sprintf
 0000:AE54       _stackavail
 12CC:2280       _stdlog
 17F7:01C8       _stdlog_on_stdout
 0000:8F9E       _strcat
 0000:9394       _strchr
 0000:901A       _strcmp
 0000:8FE4       _strcpy
 0000:93F0       _strcspn
 0000:B2C4       _strdup
 0000:153A       _Strdup
 0000:1580       _stricmp
 0000:845A       _stristr
 0000:9044       _strlen
 0000:905C       _strncat
 0000:90C2       _strncmp
 0000:9098       _strncpy
 0000:1668       _strnicmp
 0000:B2EC       _strpbrk
 0000:93C2       _strrchr
 0000:944C       _strspn
 0000:84C2       _strtol
 17F7:711C       _sys_errlist
 17F7:71B4       _sys_nerr
 0000:1758       _tfopen
 12CC:4284       _the_entry
 12CC:2258       _the_file
 12CC:0228       _the_value
 17F7:721A       _timezone
 12CC:0000       _token_start
 17F7:01CC       _trace_file_opening
 17F7:0132       _type_name
 17F7:7220       _tzname
 0000:B124       _tzset
 0000:AC16       _unlink
 17F7:0130       _value_indentation
 0000:17BC       _warning
 17F7:01CE       _warnings
 17F7:01D0       _wrapping
 0000:A844       _write
 17F7:6C38       __aaltstkovr
 17F7:6BE2       __acfinfo
 0000:9876  Abs  __acrtmsg
 0000:9876  Abs  __acrtused
 0000:D6D6  Abs  __aDBdoswp
 17F7:6F5C       __adbgmsg
 17F7:6BC6       __aexit_rtn
 0000:1000  Abs  __AHINCR
 0000:000C  Abs  __AHSHIFT
 17F7:6BF0       __aintdiv
 17F7:71C6       __amblksiz
 0000:88EC       __amsg_exit
 0000:8AA4       __aNchkstk
 0000:AC26       __aNlmul
 0000:AC58       __aNlshl
 0000:9678       __aNNalmul
 0000:9698       __aNNalshl
 0000:9678       __aNNaulmul
 17F7:0042       __anullsize
 0000:AC26       __aNulmul
 17F7:6BDE       __aseghi
 17F7:6BE0       __aseglo
 17F7:6BC8       __asizds
 17F7:71D8       __asizeC
 17F7:71D9       __asizeD
 0000:881C       __astart
 17F7:6BC4       __atopsp
 17F7:77D0       __bufin
 0000:B41C       __catox
 0000:89E2       __cexit
 17F7:71C8       __cfltcvt_tab
 17F7:71B6       __cflush
 17F7:6F5A       __chbuf
 17F7:6C30       __child
 0000:8AA4       __chkstk
 0000:890E       __cinit
 0000:88DC       __cintDIV
 0000:B34A       __cltoasub
 0000:8A54       __ctermsub
 17F7:6E52       __ctype
 17F7:6E52       __ctype_
 0000:9852       __cwild
 0000:AE43       __cXENIXtoDOSmode
 0000:B357       __cxtoa
 0000:89EC       __c_exit
 0000:890B       __dataseg
 17F7:71F4       __days
 17F7:6C09       __doserrno
 0000:97FC       __dosret0
 0000:9811       __dosretax
 0000:9804       __dosreturn
 17F7:6C06       __dosvermajor
 17F7:6C07       __dosverminor
 0000:AB1E       __dtoxtime
 0B48:0000       __EmDataSeg
 0000:89DA       __exit
 17F7:6BF4       __fac
 0000:A9A0       __ffree
 0000:96B4       __FF_MSGBANNER
 17F7:71B8       __fheap
 0000:8DFA       __filbuf
 0000:8C82       __find
 0000:AFC2       __findlast
 0000:B0EE       __findseg
 0000:9E42       __flsbuf
 0000:A9B3       __fmalloc
 17F7:7264       __fmode
 17F7:7278       __fpinit
 0000:96D4       __fptrap
 0000:AA4C       __frealloc
 0000:9F2A       __freebuf
 0000:8D72       __fsopen
 0000:A11F       __ftbuf
 0000:9F60       __getbuf
 0000:A65E       __getstream
 0000:AEE2       __growseg
 0000:AF71       __incseg
 0000:B3AE       __initseg
 17F7:6C33       __intno
 17F7:6C6E       __iob
 17F7:6D5E       __iob2
 17F7:7264       __iomode
 0000:B1EA       __isindst
 17F7:6E4E       __lastiob
 0000:B3E2       __linkseg
 17F7:71DA       __lpdays
 0000:981E       __maperror
 0000:AC64       __myalloc
 0000:AFE2       __newseg
 17F7:6C0B       __nfile
 17F7:6BCA       __nheap_desc
 0000:979C       __NMSG_TEXT
 0000:97C7       __NMSG_WRITE
 0000:96DA       __nullcheck
 0000:9FAA       __openfile
 17F7:6C09       __oserr
 17F7:6C0D       __osfile
 17F7:6C06       __osmajor
 17F7:6C07       __osminor
 17F7:6C08       __osmode
 17F7:6C06       __osversion
 0000:A176       __output
 17F7:6C32       __ovlflag
 17F7:6C34       __ovlvec
 17F7:6C2B       __pgmptr
 17F7:6C04       __psp
 17F7:6C02       __pspadr
 0000:B026       __resize
 0000:AE66       __searchseg
 0000:8456       __setargv
 0000:96FC       __setenvp
 17F7:71D6       __sigintoff
 17F7:71D4       __sigintseg
 0000:A0A0       __stbuf
 17F7:01CA       __stklen
 17F7:6C00       __umaskval
 17F7:726E       ___aDBexit
 17F7:7274       ___aDBptrchk
 17F7:726C       ___aDBrterr
 17F7:726A       ___aDBswpchk
 17F7:7268       ___aDBswpflg
 17F7:6C21       ___argc
 17F7:6C23       ___argv
 17F7:7228       ___dnames
 17F7:723E       ___mnames
 17F7:7266       ___qczrinit
 0000:8ABC       ___setargv
 0000:B114       ___tzset

  Address         Publics by Value

 0000:000C  Abs  __AHSHIFT
 0000:0010       _apply_function
 0000:02AA       _error
 0000:03BC       _fatal
 0000:05E8       _free_pattern_table_entries
 0000:06BC       _get_char
 0000:0806       _get_linebreak
 0000:0866       _get_next_non_blank
 0000:09D6       _isidchar
 0000:0A34       _main
 0000:0B56       _Memmove
 0000:0BDA       _Memset
 0000:0C12       _out_at
 0000:0C28       _out_c
 0000:0D6A       _out_flush
 0000:0DCC       _out_lines
 0000:0F12       _out_newline
 0000:0FE8       _out_s
 0000:1000  Abs  __AHINCR
 0000:10B4       _out_spaces
 0000:11D0       _out_string
 0000:1226       _out_token
 0000:13E0       _out_verbatim
 0000:1420       _out_with_error
 0000:1446       _out_with_parbreak_error
 0000:1460       _put_back
 0000:153A       _Strdup
 0000:1580       _stricmp
 0000:1668       _strnicmp
 0000:1758       _tfopen
 0000:17BC       _warning
 0000:1AD8       _check_chapter
 0000:1B00       _check_CODEN
 0000:1B1C       _check_inodes
 0000:1BAC       _check_ISBN
 0000:1BE4       _check_ISSN
 0000:1C00       _check_junior
 0000:1CD4       _check_key
 0000:1D4E       _check_length
 0000:1D76       _check_month
 0000:1DFA       _check_number
 0000:1E22       _check_other
 0000:1E94       _check_pages
 0000:1EBC       _check_patterns
 0000:1F52       _check_volume
 0000:1F7A       _check_year
 0000:35A4       _do_files
 0000:38E2       _do_initfile
 0000:3E86       _do_other
 0000:60A0       _fix_author
 0000:61E6       _fix_month
 0000:6392       _fix_namelist
 0000:6538       _fix_pages
 0000:667E       _fix_periods
 0000:6752       _fix_title
 0000:6C56       _findfile
 0000:7100       _ISBN_hyphenate
 0000:7376       _do_more
 0000:7820       _get_screen_lines
 0000:782A       _kbclose
 0000:7830       _kbcode
 0000:78B8       _kbget
 0000:78C2       _kbopen
 0000:79BA       _match_pattern
 0000:7DEE       _do_args
 0000:7EFC       _do_preargs
 0000:7F84       _isoptionprefix
 0000:8312       _romtol
 0000:83EC       _isroman
 0000:8456       __setargv
 0000:845A       _stristr
 0000:84C2       _strtol
 0000:881C       __astart
 0000:88DC       __cintDIV
 0000:88EC       __amsg_exit
 0000:890B       __dataseg
 0000:890E       __cinit
 0000:89D3       _exit
 0000:89DA       __exit
 0000:89E2       __cexit
 0000:89EC       __c_exit
 0000:8A54       __ctermsub
 0000:8AA4       __chkstk
 0000:8AA4       __aNchkstk
 0000:8ABC       ___setargv
 0000:8C82       __find
 0000:8CB8       _fclose
 0000:8D72       __fsopen
 0000:8DA2       _fopen
 0000:8DBC       _fprintf
 0000:8DFA       __filbuf
 0000:8E96       _fflush
 0000:8F14       _flushall
 0000:8F66       _fputchar
 0000:8F66       _putchar
 0000:8F6E       _putc
 0000:8F6E       _fputc
 0000:8F96       _malloc
 0000:8F9A       _free
 0000:8F9E       _strcat
 0000:8FE4       _strcpy
 0000:901A       _strcmp
 0000:9044       _strlen
 0000:905C       _strncat
 0000:9098       _strncpy
 0000:90C2       _strncmp
 0000:90FE       _getenv
 0000:9186       _perror
 0000:9226       _getche
 0000:922A       _getch
 0000:9252       _fgets
 0000:92CA       _fputs
 0000:9328       _sprintf
 0000:9390       _realloc
 0000:9394       _strchr
 0000:93C2       _strrchr
 0000:93F0       _strcspn
 0000:944C       _strspn
 0000:94A8       _memcpy
 0000:9506       _access
 0000:9528       _fstat
 0000:9678       __aNNaulmul
 0000:9678       __aNNalmul
 0000:9698       __aNNalshl
 0000:96B4       __FF_MSGBANNER
 0000:96D4       __fptrap
 0000:96DA       __nullcheck
 0000:96FC       __setenvp
 0000:979C       __NMSG_TEXT
 0000:97C7       __NMSG_WRITE
 0000:97FC       __dosret0
 0000:9804       __dosreturn
 0000:9811       __dosretax
 0000:981E       __maperror
 0000:9852       __cwild
 0000:9876  Abs  __acrtused
 0000:9876  Abs  __acrtmsg
 0000:9CAE       _fwrite
 0000:9E42       __flsbuf
 0000:9F2A       __freebuf
 0000:9F60       __getbuf
 0000:9FAA       __openfile
 0000:A0A0       __stbuf
 0000:A11F       __ftbuf
 0000:A176       __output
 0000:A65E       __getstream
 0000:A6AC       _close
 0000:A6CC       _lseek
 0000:A746       _read
 0000:A844       _write
 0000:A9A0       __ffree
 0000:A9B3       __fmalloc
 0000:AA30       _itoa
 0000:AA4C       __frealloc
 0000:AACE       _intdos
 0000:AB1E       __dtoxtime
 0000:AC16       _unlink
 0000:AC16       _remove
 0000:AC26       __aNlmul
 0000:AC26       __aNulmul
 0000:AC58       __aNlshl
 0000:AC64       __myalloc
 0000:AC88       _sopen
 0000:ACA2       _open
 0000:AE43       __cXENIXtoDOSmode
 0000:AE54       _stackavail
 0000:AE66       __searchseg
 0000:AEE2       __growseg
 0000:AF71       __incseg
 0000:AFC2       __findlast
 0000:AFE2       __newseg
 0000:B026       __resize
 0000:B0EE       __findseg
 0000:B114       ___tzset
 0000:B124       _tzset
 0000:B1EA       __isindst
 0000:B2C4       _strdup
 0000:B2EC       _strpbrk
 0000:B34A       __cltoasub
 0000:B357       __cxtoa
 0000:B3AE       __initseg
 0000:B3E2       __linkseg
 0000:B418       _atol
 0000:B41C       __catox
 0B48:0000       __EmDataSeg
 0B49:2001       _pattern_names
 0000:D6D6  Abs  __aDBdoswp
 12CC:0000       _token_start
 12CC:0028       _keymap
 12CC:0228       _the_value
 12CC:0250       _current_entry_name
 12CC:1250       _current_key
 12CC:2250       _fpin
 12CC:2254       _initialization_file_name
 12CC:2258       _the_file
 12CC:2280       _stdlog
 12CC:2284       _shared_string
 12CC:3284       _current_field
 12CC:4284       _the_entry
 12CC:42AC       _program_name
 12CC:42B0       _current_value
 17F7:0042       __anullsize
 17F7:012E       _field_indentation
 17F7:0130       _value_indentation
 17F7:0132       _type_name
 17F7:0182       _align_equals
 17F7:0184       _at_level
 17F7:0186       _brace_level
 17F7:018A       _check_values
 17F7:018C       _close_char
 17F7:018E       _delete_empty_values
 17F7:0190       _discard_next_comma
 17F7:0192       _eofile
 17F7:0196       _fix_initials
 17F7:0198       _fix_names
 17F7:019A       _fix_font_changes
 17F7:019C       _in_preamble
 17F7:019E       _in_string
 17F7:01A0       _in_value
 17F7:01A2       _is_parbreak
 17F7:01A4       _keep_linebreaks
 17F7:01A6       _keep_parbreaks
 17F7:01A8       _keep_preamble_spaces
 17F7:01AA       _keep_spaces
 17F7:01AC       _keep_string_spaces
 17F7:01AE       _max_width
 17F7:01B2       _non_white_chars
 17F7:01B4       _parbreaks
 17F7:01B6       _prettyprint
 17F7:01B8       _print_patterns
 17F7:01BC       _read_initialization_files
 17F7:01BE       _remove_OPT_prefixes
 17F7:01C0       _rflag
 17F7:01C2       _screen_lines
 17F7:01C4       _Scribe
 17F7:01C6       _show_file_position
 17F7:01C8       _stdlog_on_stdout
 17F7:01CA       __stklen
 17F7:01CC       _trace_file_opening
 17F7:01CE       _warnings
 17F7:01D0       _wrapping
 17F7:0806       _month_pair
 17F7:092E       _German_style
 17F7:6BC4       __atopsp
 17F7:6BC6       __aexit_rtn
 17F7:6BC8       __asizds
 17F7:6BCA       __nheap_desc
 17F7:6BDE       __aseghi
 17F7:6BE0       __aseglo
 17F7:6BE2       __acfinfo
 17F7:6BF0       __aintdiv
 17F7:6BF4       __fac
 17F7:6BFE       _errno
 17F7:6C00       __umaskval
 17F7:6C02       __pspadr
 17F7:6C04       __psp
 17F7:6C06       __osversion
 17F7:6C06       __osmajor
 17F7:6C06       __dosvermajor
 17F7:6C07       __osminor
 17F7:6C07       __dosverminor
 17F7:6C08       __osmode
 17F7:6C09       __oserr
 17F7:6C09       __doserrno
 17F7:6C0B       __nfile
 17F7:6C0D       __osfile
 17F7:6C21       ___argc
 17F7:6C23       ___argv
 17F7:6C27       _environ
 17F7:6C2B       __pgmptr
 17F7:6C30       __child
 17F7:6C32       __ovlflag
 17F7:6C33       __intno
 17F7:6C34       __ovlvec
 17F7:6C38       __aaltstkovr
 17F7:6C3A       STKHQQ
 17F7:6C6E       __iob
 17F7:6D5E       __iob2
 17F7:6E4E       __lastiob
 17F7:6E52       __ctype_
 17F7:6E52       __ctype
 17F7:6F5A       __chbuf
 17F7:6F5C       __adbgmsg
 17F7:711C       _sys_errlist
 17F7:71B4       _sys_nerr
 17F7:71B6       __cflush
 17F7:71B8       __fheap
 17F7:71C6       __amblksiz
 17F7:71C8       __cfltcvt_tab
 17F7:71D4       __sigintseg
 17F7:71D6       __sigintoff
 17F7:71D8       __asizeC
 17F7:71D9       __asizeD
 17F7:71DA       __lpdays
 17F7:71F4       __days
 17F7:721A       _timezone
 17F7:721E       _daylight
 17F7:7220       _tzname
 17F7:7228       ___dnames
 17F7:723E       ___mnames
 17F7:7264       __iomode
 17F7:7264       __fmode
 17F7:7266       ___qczrinit
 17F7:7268       ___aDBswpflg
 17F7:726A       ___aDBswpchk
 17F7:726C       ___aDBrterr
 17F7:726E       ___aDBexit
 17F7:7274       ___aDBptrchk
 17F7:7278       __fpinit
 17F7:744C       _edata
 17F7:77D0       __bufin
 17F7:79D0       _end

Program entry point at 0000:881C
